{"ID":"0","Backend":"clockodo","Customer":"philip","Project":"painting the garage","Service":"bring the hardware","Description":"get it at the store","StartTime":"1970-01-01T01:00:00+01:00","EndTime":"1970-01-01T01:00:00+01:00"}
