{"ID":"0","Backend":"local","Customer":"customer","Project":"project","Service":"service","Description":"description","StartTime":"1970-01-01T01:00:00+01:00","EndTime":"1970-01-01T01:00:00+01:00"}
