philip, assemble the table, mix the paint, get it at the store
