philip, painting the garage, bring the hardware, get it at the store
