roger, assemble the table, bring the hardware, get it at the store
