philip, painting the garage, mix the paint, get it at the store
